******************************************************************************
               TMS320C6x Linker PC v7.4.12                     
******************************************************************************
>> Linked Fri Oct 13 17:45:37 2023

OUTPUT FILE NAME:   <FirstProject.out>
ENTRY POINT SYMBOL: "_c_int00"  address: 00002460


MEMORY CONFIGURATION

         name            origin    length      used     unused   attr    fill
----------------------  --------  ---------  --------  --------  ----  --------
  IVECS                 00000000   00000220  00000200  00000020  RWIX
  IRAM                  00000220   0002fde0  00003072  0002cd6e  RWIX
  SDRAM                 80000000   01000000  00000000  01000000  RWIX
  FLASH                 90000000   00020000  00000000  00020000  RWIX


SECTION ALLOCATION MAP

 output                                  attributes/
section   page    origin      length       input sections
--------  ----  ----------  ----------   ----------------
.vectors   0    00000000    00000200     
                  00000000    00000200     Vectors_intr.obj (.vectors)

.bss       0    00000220    00000000     UNINITIALIZED

.text      0    00000220    00002660     
                  00000220    000007c0     c6713dskinit.obj (.text)
                  000009e0    00000480     dsk6713bsl.lib : dsk6713.obj (.text)
                  00000e60    00000320                    : dsk6713_aic23_opencodec.obj (.text)
                  00001180    00000300     main.obj (.text:retain)
                  00001480    00000240     rts6700.lib : memcpy62.obj (.text:_memcpy)
                  000016c0    000001c0     csl6713.lib : csl_irq.obj (.text:_IRQ_map)
                  00001880    000001a0                 : csl_mcbsp.obj (.text:_MCBSP_reset)
                  00001a20    00000160     rts6700.lib : autoinit.obj (.text:__auto_init)
                  00001b80    00000160     dsk6713bsl.lib : dsk6713_aic23_registers.obj (.text)
                  00001ce0    00000120     rts6700.lib : exit.obj (.text:_exit)
                  00001e00    00000100     csl6713.lib : csl_mcbsp.obj (.text:_MCBSP_open)
                  00001f00    00000100                 : csl_mcbsp.obj (.text:_MCBSP_start)
                  00002000    000000e0     rts6700.lib : strasg.obj (.text:__strasg)
                  000020e0    000000c0                 : fixdi.obj (.text:__fixdi)
                  000021a0    000000c0                 : cpy_tbl.obj (.text:_copy_in)
                  00002260    000000c0     dsk6713bsl.lib : dsk6713_aic23_setfreq.obj (.text)
                  00002320    000000a0     csl6713.lib : csl_mcbsp.obj (.text:_MCBSP_config)
                  000023c0    000000a0                 : csl_irq.obj (.text:_setMux)
                  00002460    00000080     rts6700.lib : boot.obj (.text:_c_int00)
                  000024e0    00000080     main.obj (.text)
                  00002560    00000060     rts6700.lib : fltif.obj (.text:__fltif)
                  000025c0    00000040     csl6713.lib : csl_irq.obj (.text:_IRQ_enable)
                  00002600    00000040                 : csl_irq.obj (.text:_IRQ_reset)
                  00002640    00000040     rts6700.lib : args_main.obj (.text:__args_main)
                  00002680    00000020     Vectors_intr.obj (.text)
                  000026a0    00000020     csl6713.lib : csl_irq.obj (.text:_IRQ_globalDisable)
                  000026c0    00000020                 : csl_irq.obj (.text:_IRQ_globalEnable)
                  000026e0    00000020                 : csl_irq.obj (.text:_IRQ_nmiEnable)
                  00002700    00000020                 : csl_mcbsp.obj (.text:_MCBSP_getXmtEventId)
                  00002720    00000020                 : csl_mcbsp.obj (.text:_MCBSP_read)
                  00002740    00000020                 : csl_mcbsp.obj (.text:_MCBSP_rrdy)
                  00002760    00000020                 : csl_mcbsp.obj (.text:_MCBSP_write)
                  00002780    00000020                 : csl_mcbsp.obj (.text:_MCBSP_xrdy)
                  000027a0    00000020     rts6700.lib : addf.obj (.text:__addf)
                  000027c0    00000020                 : cvtfd.obj (.text:__cvtfd)
                  000027e0    00000020                 : mpyd.obj (.text:__mpyd)
                  00002800    00000020                 : mpyf.obj (.text:__mpyf)
                  00002820    00000020                 : _lock.obj (.text:__nop)
                  00002840    00000020                 : exit.obj (.text:_abort)
                  00002860    00000020     csl6713.lib : csl_irq.obj (.text)

.stack     0    00002880    00000400     UNINITIALIZED
                  00002880    00000008     rts6700.lib : boot.obj (.stack)
                  00002888    000003f8     --HOLE--

.cinit     0    00002c80    00000314     
                  00002c80    0000012c     csl6713.lib : csl_irq.obj (.cinit)
                  00002dac    00000004     --HOLE-- [fill = 0]
                  00002db0    00000084     main.obj (.cinit)
                  00002e34    00000004     --HOLE-- [fill = 0]
                  00002e38    00000058     c6713dskinit.obj (.cinit)
                  00002e90    00000054     csl6713.lib : csl_mcbsp.obj (.cinit)
                  00002ee4    00000004     --HOLE-- [fill = 0]
                  00002ee8    00000030     dsk6713bsl.lib : dsk6713_aic23_registers.obj (.cinit)
                  00002f18    0000002c     rts6700.lib : exit.obj (.cinit)
                  00002f44    00000004     --HOLE-- [fill = 0]
                  00002f48    00000028     dsk6713bsl.lib : dsk6713_aic23_setfreq.obj (.cinit)
                  00002f70    0000001c     rts6700.lib : _lock.obj (.cinit)
                  00002f8c    00000004     --HOLE-- [fill = 0]
                  00002f90    00000004     (.pad.cinit) [fill = 0]

.far       0    00002f94    0000029e     UNINITIALIZED
                  00002f94    000000f4     csl6713.lib : csl_irq.obj (.far)
                  00003088    000000b4     main.obj (.far)
                  0000313c    00000058     c6713dskinit.obj (.far)
                  00003194    00000038     csl6713.lib : csl_mcbsp.obj (.far)
                  000031cc    00000028     dsk6713bsl.lib : dsk6713_aic23_registers.obj (.far)
                  000031f4    00000020                    : dsk6713_aic23_setfreq.obj (.far)
                  00003214    0000000c     rts6700.lib : exit.obj (.far)
                  00003220    00000008     dsk6713bsl.lib : dsk6713_aic23_opencodec.obj (.far)
                  00003228    00000008     rts6700.lib : _lock.obj (.far)
                  00003230    00000002     dsk6713bsl.lib : dsk6713.obj (.far)

.const     0    00003234    00000060     
                  00003234    00000040     dsk6713bsl.lib : dsk6713_aic23_opencodec.obj (.const)
                  00003274    00000020                    : dsk6713.obj (.const)


GLOBAL SYMBOLS: SORTED ALPHABETICALLY BY Name 

address    name
--------   ----
00000220   $bss
00000220   .bss
00000220   .text
00002840   C$$EXIT
00003148   _AIC23CfgData
0000313c   _AIC_data
00003220   _DSK6713_AIC23_codeccontrolhandle
00003224   _DSK6713_AIC23_codecdatahandle
00001c40   _DSK6713_AIC23_config
00000e60   _DSK6713_AIC23_openCodec
00001c1c   _DSK6713_AIC23_rget
00001b80   _DSK6713_AIC23_rset
00002260   _DSK6713_AIC23_setFreq
00000df4   _DSK6713_getVersion
00000a2c   _DSK6713_init
00000d48   _DSK6713_rget
00000d5c   _DSK6713_rset
00003230   _DSK6713_version
00000d70   _DSK6713_wait
00000dc8   _DSK6713_waitusec
000025c0   _IRQ_enable
000026a0   _IRQ_globalDisable
000026c0   _IRQ_globalEnable
000016c0   _IRQ_map
000026e0   _IRQ_nmiEnable
00002600   _IRQ_reset
00002320   _MCBSP_config
00002700   _MCBSP_getXmtEventId
00001e00   _MCBSP_open
00002720   _MCBSP_read
00001880   _MCBSP_reset
00002740   _MCBSP_rrdy
00001f00   _MCBSP_start
00002760   _MCBSP_write
00002780   _MCBSP_xrdy
00003080   __IRQ_dispatchTable
00002fbc   __IRQ_eventTable
00002860   __IRQ_hookFetchPacket
00003040   __IRQ_intTable
000031c4   __MCBSP_hDev0
000031c8   __MCBSP_hDev1
00002c80   __STACK_END
00000400   __STACK_SIZE
00000001   __TI_args_main
0000321c   ___TI_enable_exit_profile_output
ffffffff   ___TI_pprof_out_hndl
ffffffff   ___TI_prof_data_size
ffffffff   ___TI_prof_data_start
ffffffff   ___binit__
00000220   ___bss__
ffffffff   ___c_args__
00002c80   ___cinit__
00000220   ___end__
00002880   ___etext__
ffffffff   ___pinit__
00000220   ___text__
000027a0   __addf
00002640   __args_main
00001a20   __auto_init
00003214   __cleanup_ptr
000027c0   __cvtfd
00003218   __dtors_ptr
000020e0   __fixdi
00002560   __fltif
00003228   __lock
000027e0   __mpyd
00002800   __mpyf
00002820   __nop
00002880   __stack
00002000   __strasg
0000322c   __unlock
00002840   _abort
00000220   _c6713_dsk_init
00002460   _c_int00
00001180   _c_int11
00000340   _comm_intr
0000030c   _comm_poll
00003168   _config
000021a0   _copy_in
000030e0   _dly
00003138   _dly_ptr
00003130   _end_ptr
00001ce0   _exit
00003088   _fs
00003090   _h
00003190   _hAIC23_handle
00003134   _h_ptr
00000848   _input_left_sample
00000910   _input_right_sample
00000744   _input_sample
0000308c   _inputsource
000024e0   _main
00001480   _memcpy
00000584   _output_left_sample
00000664   _output_right_sample
0000046c   _output_sample
0000312c   _start_ptr
00000020   _vector1
00000140   _vector10
00000180   _vector12
000001a0   _vector13
000001c0   _vector14
000001e0   _vector15
00000040   _vector2
00000060   _vector3
00000080   _vector4
000000a0   _vector5
000000c0   _vector6
000000e0   _vector7
00000100   _vector8
00000120   _vector9
00000000   _vectors
000030dc   _yn
ffffffff   binit
00002c80   cinit
00000220   end
00002880   etext
ffffffff   pinit


GLOBAL SYMBOLS: SORTED BY Symbol Address 

address    name
--------   ----
00000000   _vectors
00000001   __TI_args_main
00000020   _vector1
00000040   _vector2
00000060   _vector3
00000080   _vector4
000000a0   _vector5
000000c0   _vector6
000000e0   _vector7
00000100   _vector8
00000120   _vector9
00000140   _vector10
00000180   _vector12
000001a0   _vector13
000001c0   _vector14
000001e0   _vector15
00000220   $bss
00000220   .bss
00000220   .text
00000220   ___bss__
00000220   ___end__
00000220   ___text__
00000220   _c6713_dsk_init
00000220   end
0000030c   _comm_poll
00000340   _comm_intr
00000400   __STACK_SIZE
0000046c   _output_sample
00000584   _output_left_sample
00000664   _output_right_sample
00000744   _input_sample
00000848   _input_left_sample
00000910   _input_right_sample
00000a2c   _DSK6713_init
00000d48   _DSK6713_rget
00000d5c   _DSK6713_rset
00000d70   _DSK6713_wait
00000dc8   _DSK6713_waitusec
00000df4   _DSK6713_getVersion
00000e60   _DSK6713_AIC23_openCodec
00001180   _c_int11
00001480   _memcpy
000016c0   _IRQ_map
00001880   _MCBSP_reset
00001a20   __auto_init
00001b80   _DSK6713_AIC23_rset
00001c1c   _DSK6713_AIC23_rget
00001c40   _DSK6713_AIC23_config
00001ce0   _exit
00001e00   _MCBSP_open
00001f00   _MCBSP_start
00002000   __strasg
000020e0   __fixdi
000021a0   _copy_in
00002260   _DSK6713_AIC23_setFreq
00002320   _MCBSP_config
00002460   _c_int00
000024e0   _main
00002560   __fltif
000025c0   _IRQ_enable
00002600   _IRQ_reset
00002640   __args_main
000026a0   _IRQ_globalDisable
000026c0   _IRQ_globalEnable
000026e0   _IRQ_nmiEnable
00002700   _MCBSP_getXmtEventId
00002720   _MCBSP_read
00002740   _MCBSP_rrdy
00002760   _MCBSP_write
00002780   _MCBSP_xrdy
000027a0   __addf
000027c0   __cvtfd
000027e0   __mpyd
00002800   __mpyf
00002820   __nop
00002840   C$$EXIT
00002840   _abort
00002860   __IRQ_hookFetchPacket
00002880   ___etext__
00002880   __stack
00002880   etext
00002c80   __STACK_END
00002c80   ___cinit__
00002c80   cinit
00002fbc   __IRQ_eventTable
00003040   __IRQ_intTable
00003080   __IRQ_dispatchTable
00003088   _fs
0000308c   _inputsource
00003090   _h
000030dc   _yn
000030e0   _dly
0000312c   _start_ptr
00003130   _end_ptr
00003134   _h_ptr
00003138   _dly_ptr
0000313c   _AIC_data
00003148   _AIC23CfgData
00003168   _config
00003190   _hAIC23_handle
000031c4   __MCBSP_hDev0
000031c8   __MCBSP_hDev1
00003214   __cleanup_ptr
00003218   __dtors_ptr
0000321c   ___TI_enable_exit_profile_output
00003220   _DSK6713_AIC23_codeccontrolhandle
00003224   _DSK6713_AIC23_codecdatahandle
00003228   __lock
0000322c   __unlock
00003230   _DSK6713_version
ffffffff   ___TI_pprof_out_hndl
ffffffff   ___TI_prof_data_size
ffffffff   ___TI_prof_data_start
ffffffff   ___binit__
ffffffff   ___c_args__
ffffffff   ___pinit__
ffffffff   binit
ffffffff   pinit

[118 symbols]
