******************************************************************************
               TMS320C6x Linker PC v7.4.12                     
******************************************************************************
>> Linked Fri Oct 13 17:07:29 2023

OUTPUT FILE NAME:   <FirstProject.out>
ENTRY POINT SYMBOL: "_c_int00"  address: 00003440


MEMORY CONFIGURATION

         name            origin    length      used     unused   attr    fill
----------------------  --------  ---------  --------  --------  ----  --------
  IVECS                 00000000   00000220  00000200  00000020  RWIX
  IRAM                  00000220   0002fde0  00004156  0002bc8a  RWIX
  SDRAM                 80000000   01000000  00000000  01000000  RWIX
  FLASH                 90000000   00020000  00000000  00020000  RWIX


SECTION ALLOCATION MAP

 output                                  attributes/
section   page    origin      length       input sections
--------  ----  ----------  ----------   ----------------
.vectors   0    00000000    00000200     
                  00000000    00000200     Vectors_intr.obj (.vectors)

.bss       0    00000220    00000000     UNINITIALIZED

.text      0    00000220    000037c0     
                  00000220    000007e0     rts6700.lib : divd.obj (.text:__divd)
                  00000a00    000007c0     c6713dskinit.obj (.text)
                  000011c0    00000480     dsk6713bsl.lib : dsk6713.obj (.text)
                  00001640    000003a0     main.obj (.text:retain)
                  000019e0    00000340     rts6700.lib : frcmpyd_div.obj (.text:__frcmpyd_div)
                  00001d20    00000320     dsk6713bsl.lib : dsk6713_aic23_opencodec.obj (.text)
                  00002040    000002e0     rts6700.lib : cosf.obj (.text:_cosf)
                  00002320    00000240                 : memcpy62.obj (.text:_memcpy)
                  00002560    000001c0     csl6713.lib : csl_irq.obj (.text:_IRQ_map)
                  00002720    000001a0                 : csl_mcbsp.obj (.text:_MCBSP_reset)
                  000028c0    00000160     rts6700.lib : autoinit.obj (.text:__auto_init)
                  00002a20    00000160     dsk6713bsl.lib : dsk6713_aic23_registers.obj (.text)
                  00002b80    00000120     rts6700.lib : exit.obj (.text:_exit)
                  00002ca0    00000100     csl6713.lib : csl_mcbsp.obj (.text:_MCBSP_open)
                  00002da0    00000100                 : csl_mcbsp.obj (.text:_MCBSP_start)
                  00002ea0    000000e0     rts6700.lib : strasg.obj (.text:__strasg)
                  00002f80    000000c0                 : fixdi.obj (.text:__fixdi)
                  00003040    000000c0                 : cpy_tbl.obj (.text:_copy_in)
                  00003100    000000c0     dsk6713bsl.lib : dsk6713_aic23_setfreq.obj (.text)
                  000031c0    000000a0     csl6713.lib : csl_mcbsp.obj (.text:_MCBSP_config)
                  00003260    000000a0     rts6700.lib : mpyll.obj (.text:__mpyll)
                  00003300    000000a0                 : roundf.obj (.text:__roundf)
                  000033a0    000000a0     csl6713.lib : csl_irq.obj (.text:_setMux)
                  00003440    00000080     rts6700.lib : boot.obj (.text:_c_int00)
                  000034c0    00000080                 : modff.obj (.text:_modff)
                  00003540    00000080     main.obj (.text)
                  000035c0    00000060     rts6700.lib : fltid.obj (.text:__fltid)
                  00003620    00000060                 : fltif.obj (.text:__fltif)
                  00003680    00000040     csl6713.lib : csl_irq.obj (.text:_IRQ_enable)
                  000036c0    00000040                 : csl_irq.obj (.text:_IRQ_reset)
                  00003700    00000040     rts6700.lib : divd.obj (.text:___isnan)
                  00003740    00000040                 : args_main.obj (.text:__args_main)
                  00003780    00000040                 : truncf.obj (.text:__truncf)
                  000037c0    00000020     Vectors_intr.obj (.text)
                  000037e0    00000020     csl6713.lib : csl_irq.obj (.text:_IRQ_globalDisable)
                  00003800    00000020                 : csl_irq.obj (.text:_IRQ_globalEnable)
                  00003820    00000020                 : csl_irq.obj (.text:_IRQ_nmiEnable)
                  00003840    00000020                 : csl_mcbsp.obj (.text:_MCBSP_getXmtEventId)
                  00003860    00000020                 : csl_mcbsp.obj (.text:_MCBSP_read)
                  00003880    00000020                 : csl_mcbsp.obj (.text:_MCBSP_rrdy)
                  000038a0    00000020                 : csl_mcbsp.obj (.text:_MCBSP_write)
                  000038c0    00000020                 : csl_mcbsp.obj (.text:_MCBSP_xrdy)
                  000038e0    00000020     rts6700.lib : addf.obj (.text:__addf)
                  00003900    00000020                 : cvtdf.obj (.text:__cvtdf)
                  00003920    00000020                 : cvtfd.obj (.text:__cvtfd)
                  00003940    00000020                 : mpyd.obj (.text:__mpyd)
                  00003960    00000020                 : mpyf.obj (.text:__mpyf)
                  00003980    00000020                 : _lock.obj (.text:__nop)
                  000039a0    00000020                 : exit.obj (.text:_abort)
                  000039c0    00000020     csl6713.lib : csl_irq.obj (.text)

.stack     0    000039e0    00000400     UNINITIALIZED
                  000039e0    00000008     rts6700.lib : boot.obj (.stack)
                  000039e8    000003f8     --HOLE--

.cinit     0    00003de0    000002fc     
                  00003de0    0000012c     csl6713.lib : csl_irq.obj (.cinit)
                  00003f0c    00000004     --HOLE-- [fill = 0]
                  00003f10    00000058     c6713dskinit.obj (.cinit)
                  00003f68    00000054     csl6713.lib : csl_mcbsp.obj (.cinit)
                  00003fbc    00000004     --HOLE-- [fill = 0]
                  00003fc0    00000054     main.obj (.cinit)
                  00004014    00000004     --HOLE-- [fill = 0]
                  00004018    00000030     dsk6713bsl.lib : dsk6713_aic23_registers.obj (.cinit)
                  00004048    0000002c     rts6700.lib : exit.obj (.cinit)
                  00004074    00000004     --HOLE-- [fill = 0]
                  00004078    00000028     dsk6713bsl.lib : dsk6713_aic23_setfreq.obj (.cinit)
                  000040a0    0000001c     rts6700.lib : _lock.obj (.cinit)
                  000040bc    00000004     --HOLE-- [fill = 0]
                  000040c0    00000018                 : cosf.obj (.cinit)
                  000040d8    00000004     --HOLE-- [fill = 0]

.far       0    000040dc    00000232     UNINITIALIZED
                  000040dc    000000f4     csl6713.lib : csl_irq.obj (.far)
                  000041d0    00000058     c6713dskinit.obj (.far)
                  00004228    00000038     csl6713.lib : csl_mcbsp.obj (.far)
                  00004260    00000038     main.obj (.far)
                  00004298    00000028     dsk6713bsl.lib : dsk6713_aic23_registers.obj (.far)
                  000042c0    00000020                    : dsk6713_aic23_setfreq.obj (.far)
                  000042e0    00000010     rts6700.lib : cosf.obj (.far)
                  000042f0    0000000c                 : exit.obj (.far)
                  000042fc    00000008     dsk6713bsl.lib : dsk6713_aic23_opencodec.obj (.far)
                  00004304    00000008     rts6700.lib : _lock.obj (.far)
                  0000430c    00000002     dsk6713bsl.lib : dsk6713.obj (.far)

.const     0    00004310    00000068     
                  00004310    00000040     dsk6713bsl.lib : dsk6713_aic23_opencodec.obj (.const)
                  00004350    00000020                    : dsk6713.obj (.const)
                  00004370    00000008     rts6700.lib : divd.obj (.const:_initial_approx$1)


GLOBAL SYMBOLS: SORTED ALPHABETICALLY BY Name 

address    name
--------   ----
00000220   $bss
00000220   .bss
00000220   .text
000039a0   C$$EXIT
000041dc   _AIC23CfgData
000041d0   _AIC_data
000042fc   _DSK6713_AIC23_codeccontrolhandle
00004300   _DSK6713_AIC23_codecdatahandle
00002ae0   _DSK6713_AIC23_config
00001d20   _DSK6713_AIC23_openCodec
00002abc   _DSK6713_AIC23_rget
00002a20   _DSK6713_AIC23_rset
00003100   _DSK6713_AIC23_setFreq
000015d4   _DSK6713_getVersion
0000120c   _DSK6713_init
00001528   _DSK6713_rget
0000153c   _DSK6713_rset
0000430c   _DSK6713_version
00001550   _DSK6713_wait
000015a8   _DSK6713_waitusec
00003680   _IRQ_enable
000037e0   _IRQ_globalDisable
00003800   _IRQ_globalEnable
00002560   _IRQ_map
00003820   _IRQ_nmiEnable
000036c0   _IRQ_reset
000031c0   _MCBSP_config
00003840   _MCBSP_getXmtEventId
00002ca0   _MCBSP_open
00003860   _MCBSP_read
00002720   _MCBSP_reset
00003880   _MCBSP_rrdy
00002da0   _MCBSP_start
000038a0   _MCBSP_write
000038c0   _MCBSP_xrdy
000041c8   __IRQ_dispatchTable
00004104   __IRQ_eventTable
000039c0   __IRQ_hookFetchPacket
00004188   __IRQ_intTable
00004258   __MCBSP_hDev0
0000425c   __MCBSP_hDev1
00003de0   __STACK_END
00000400   __STACK_SIZE
00000001   __TI_args_main
000042f8   ___TI_enable_exit_profile_output
ffffffff   ___TI_pprof_out_hndl
ffffffff   ___TI_prof_data_size
ffffffff   ___TI_prof_data_start
ffffffff   ___binit__
00000220   ___bss__
ffffffff   ___c_args__
00003de0   ___cinit__
00000220   ___end__
000039e0   ___etext__
ffffffff   ___pinit__
00000220   ___text__
000038e0   __addf
00003740   __args_main
000028c0   __auto_init
000042f0   __cleanup_ptr
00003900   __cvtdf
00003920   __cvtfd
00000220   __divd
000042f4   __dtors_ptr
00002f80   __fixdi
000035c0   __fltid
00003620   __fltif
000019e0   __frcmpyd_div
00004304   __lock
00003940   __mpyd
00003960   __mpyf
00003260   __mpyll
00003980   __nop
00003300   __roundf
000039e0   __stack
00002ea0   __strasg
00003780   __truncf
00004308   __unlock
000039a0   _abort
00000a00   _c6713_dsk_init
00003440   _c_int00
00001640   _c_int11
00000b20   _comm_intr
00000aec   _comm_poll
000041fc   _config
00003040   _copy_in
00002040   _cosf
00004270   _dly
00004294   _dly_ptr
0000428c   _end_ptr
00002b80   _exit
00004268   _fo
00004260   _fs
0000427c   _h
00004224   _hAIC23_handle
00004290   _h_ptr
00001028   _input_left_sample
000010f0   _input_right_sample
00000f24   _input_sample
00004264   _inputsource
00003540   _main
00002320   _memcpy
000034c0   _modff
00000d64   _output_left_sample
00000e44   _output_right_sample
00000c4c   _output_sample
00004288   _start_ptr
00000020   _vector1
00000140   _vector10
00000180   _vector12
000001a0   _vector13
000001c0   _vector14
000001e0   _vector15
00000040   _vector2
00000060   _vector3
00000080   _vector4
000000a0   _vector5
000000c0   _vector6
000000e0   _vector7
00000100   _vector8
00000120   _vector9
00000000   _vectors
0000426c   _yn
ffffffff   binit
00003de0   cinit
00000220   end
000039e0   etext
ffffffff   pinit


GLOBAL SYMBOLS: SORTED BY Symbol Address 

address    name
--------   ----
00000000   _vectors
00000001   __TI_args_main
00000020   _vector1
00000040   _vector2
00000060   _vector3
00000080   _vector4
000000a0   _vector5
000000c0   _vector6
000000e0   _vector7
00000100   _vector8
00000120   _vector9
00000140   _vector10
00000180   _vector12
000001a0   _vector13
000001c0   _vector14
000001e0   _vector15
00000220   $bss
00000220   .bss
00000220   .text
00000220   ___bss__
00000220   ___end__
00000220   ___text__
00000220   __divd
00000220   end
00000400   __STACK_SIZE
00000a00   _c6713_dsk_init
00000aec   _comm_poll
00000b20   _comm_intr
00000c4c   _output_sample
00000d64   _output_left_sample
00000e44   _output_right_sample
00000f24   _input_sample
00001028   _input_left_sample
000010f0   _input_right_sample
0000120c   _DSK6713_init
00001528   _DSK6713_rget
0000153c   _DSK6713_rset
00001550   _DSK6713_wait
000015a8   _DSK6713_waitusec
000015d4   _DSK6713_getVersion
00001640   _c_int11
000019e0   __frcmpyd_div
00001d20   _DSK6713_AIC23_openCodec
00002040   _cosf
00002320   _memcpy
00002560   _IRQ_map
00002720   _MCBSP_reset
000028c0   __auto_init
00002a20   _DSK6713_AIC23_rset
00002abc   _DSK6713_AIC23_rget
00002ae0   _DSK6713_AIC23_config
00002b80   _exit
00002ca0   _MCBSP_open
00002da0   _MCBSP_start
00002ea0   __strasg
00002f80   __fixdi
00003040   _copy_in
00003100   _DSK6713_AIC23_setFreq
000031c0   _MCBSP_config
00003260   __mpyll
00003300   __roundf
00003440   _c_int00
000034c0   _modff
00003540   _main
000035c0   __fltid
00003620   __fltif
00003680   _IRQ_enable
000036c0   _IRQ_reset
00003740   __args_main
00003780   __truncf
000037e0   _IRQ_globalDisable
00003800   _IRQ_globalEnable
00003820   _IRQ_nmiEnable
00003840   _MCBSP_getXmtEventId
00003860   _MCBSP_read
00003880   _MCBSP_rrdy
000038a0   _MCBSP_write
000038c0   _MCBSP_xrdy
000038e0   __addf
00003900   __cvtdf
00003920   __cvtfd
00003940   __mpyd
00003960   __mpyf
00003980   __nop
000039a0   C$$EXIT
000039a0   _abort
000039c0   __IRQ_hookFetchPacket
000039e0   ___etext__
000039e0   __stack
000039e0   etext
00003de0   __STACK_END
00003de0   ___cinit__
00003de0   cinit
00004104   __IRQ_eventTable
00004188   __IRQ_intTable
000041c8   __IRQ_dispatchTable
000041d0   _AIC_data
000041dc   _AIC23CfgData
000041fc   _config
00004224   _hAIC23_handle
00004258   __MCBSP_hDev0
0000425c   __MCBSP_hDev1
00004260   _fs
00004264   _inputsource
00004268   _fo
0000426c   _yn
00004270   _dly
0000427c   _h
00004288   _start_ptr
0000428c   _end_ptr
00004290   _h_ptr
00004294   _dly_ptr
000042f0   __cleanup_ptr
000042f4   __dtors_ptr
000042f8   ___TI_enable_exit_profile_output
000042fc   _DSK6713_AIC23_codeccontrolhandle
00004300   _DSK6713_AIC23_codecdatahandle
00004304   __lock
00004308   __unlock
0000430c   _DSK6713_version
ffffffff   ___TI_pprof_out_hndl
ffffffff   ___TI_prof_data_size
ffffffff   ___TI_prof_data_start
ffffffff   ___binit__
ffffffff   ___c_args__
ffffffff   ___pinit__
ffffffff   binit
ffffffff   pinit

[128 symbols]
